// Jest Snapshot v1, https://goo.gl/fbAQLP

exports[`Leaderboard will match snapshot 1`] = `
Object {
  "asFragment": [Function],
  "baseElement": <body>
    <div>
      <div
        class="leaderboard-component"
      >
        <h2>
          Leaderboard
        </h2>
        <div
          class="table-wrapper"
        >
          <table
            class="leaderboard-table"
          >
            <tbody>
              <tr
                class="leaderboard-title-wrapper"
              >
                <th
                  class="user-title"
                >
                  User
                </th>
                <th
                  class="questions-asked-title"
                >
                  Asked
                </th>
                <th
                  class="questions-answered-title"
                >
                  Answered
                </th>
              </tr>
            </tbody>
          </table>
        </div>
      </div>
    </div>
  </body>,
  "container": <div>
    <div
      class="leaderboard-component"
    >
      <h2>
        Leaderboard
      </h2>
      <div
        class="table-wrapper"
      >
        <table
          class="leaderboard-table"
        >
          <tbody>
            <tr
              class="leaderboard-title-wrapper"
            >
              <th
                class="user-title"
              >
                User
              </th>
              <th
                class="questions-asked-title"
              >
                Asked
              </th>
              <th
                class="questions-answered-title"
              >
                Answered
              </th>
            </tr>
          </tbody>
        </table>
      </div>
    </div>
  </div>,
  "debug": [Function],
  "findAllByAltText": [Function],
  "findAllByDisplayValue": [Function],
  "findAllByLabelText": [Function],
  "findAllByPlaceholderText": [Function],
  "findAllByRole": [Function],
  "findAllByTestId": [Function],
  "findAllByText": [Function],
  "findAllByTitle": [Function],
  "findByAltText": [Function],
  "findByDisplayValue": [Function],
  "findByLabelText": [Function],
  "findByPlaceholderText": [Function],
  "findByRole": [Function],
  "findByTestId": [Function],
  "findByText": [Function],
  "findByTitle": [Function],
  "getAllByAltText": [Function],
  "getAllByDisplayValue": [Function],
  "getAllByLabelText": [Function],
  "getAllByPlaceholderText": [Function],
  "getAllByRole": [Function],
  "getAllByTestId": [Function],
  "getAllByText": [Function],
  "getAllByTitle": [Function],
  "getByAltText": [Function],
  "getByDisplayValue": [Function],
  "getByLabelText": [Function],
  "getByPlaceholderText": [Function],
  "getByRole": [Function],
  "getByTestId": [Function],
  "getByText": [Function],
  "getByTitle": [Function],
  "queryAllByAltText": [Function],
  "queryAllByDisplayValue": [Function],
  "queryAllByLabelText": [Function],
  "queryAllByPlaceholderText": [Function],
  "queryAllByRole": [Function],
  "queryAllByTestId": [Function],
  "queryAllByText": [Function],
  "queryAllByTitle": [Function],
  "queryByAltText": [Function],
  "queryByDisplayValue": [Function],
  "queryByLabelText": [Function],
  "queryByPlaceholderText": [Function],
  "queryByRole": [Function],
  "queryByTestId": [Function],
  "queryByText": [Function],
  "queryByTitle": [Function],
  "rerender": [Function],
  "unmount": [Function],
}
`;
